// Jest Snapshot v1, https://goo.gl/fbAQLP

exports[`PlayerScreen rendering Test Cases renders correctly screenshot match 1`] = `
<View
  style={
    Array [
      Object {
        "alignItems": "stretch",
        "backgroundColor": "#000000",
      },
      Object {
        "height": undefined,
        "width": undefined,
      },
    ]
  }
  testID="touchable-opacity"
/>
`;
